2026-09-07 09:30:06.060 | b4b5325d-c7e8-487d-85b3-9ce8fe028179 | ERROR | main.py | 71 | PDF authentication failed: PDF authentication failed: C:\Users\hp333\PycharmProjects\PythonProject3\test_pdfs\protected.pdf
Traceback (most recent call last):
  File "C:\Users\hp333\PycharmProjects\PythonProject3\main.py", line 62, in process_pdf
    with PDFExtractor(pdf_path, logger=logger) as extractor:
         ~~~~~~~~~~~~^^^^^^^^^^^^^^^^^^^^^^^^^
  File "C:\Users\hp333\PycharmProjects\PythonProject3\pdf_operations.py", line 44, in __init__
    raise PermissionError(f"PDF authentication failed: {self.pdf_path}")
PermissionError: PDF authentication failed: C:\Users\hp333\PycharmProjects\PythonProject3\test_pdfs\protected.pdf
2026-09-07 09:30:08.139 | 32af78a2-d695-4336-b992-04ee3085f03c | ERROR | main.py | 71 | PDF authentication failed: PDF authentication failed: C:\Users\hp333\PycharmProjects\PythonProject3\test_pdfs\protected.pdf
Traceback (most recent call last):
  File "C:\Users\hp333\PycharmProjects\PythonProject3\main.py", line 62, in process_pdf
    with PDFExtractor(pdf_path, logger=logger) as extractor:
         ~~~~~~~~~~~~^^^^^^^^^^^^^^^^^^^^^^^^^
  File "C:\Users\hp333\PycharmProjects\PythonProject3\pdf_operations.py", line 44, in __init__
    raise PermissionError(f"PDF authentication failed: {self.pdf_path}")
PermissionError: PDF authentication failed: C:\Users\hp333\PycharmProjects\PythonProject3\test_pdfs\protected.pdf
2026-09-07 09:31:40.698 | 074f03a7-7b9c-4013-95f2-280f62a91479 | ERROR | main.py | 75 | PDF authentication failed: PDF authentication failed: C:\Users\hp333\PycharmProjects\PythonProject3\test_pdfs\protected.pdf
Traceback (most recent call last):
  File "C:\Users\hp333\PycharmProjects\PythonProject3\main.py", line 66, in process_pdf
    with PDFExtractor(pdf_path, logger=logger, **extract_kwargs) as extractor:
         ~~~~~~~~~~~~^^^^^^^^^^^^^^^^^^^^^^^^^^^^^^^^^^^^^^^^^^^
  File "C:\Users\hp333\PycharmProjects\PythonProject3\pdf_operations.py", line 44, in __init__
    raise PermissionError(f"PDF authentication failed: {self.pdf_path}")
PermissionError: PDF authentication failed: C:\Users\hp333\PycharmProjects\PythonProject3\test_pdfs\protected.pdf
2026-09-07 09:31:43.072 | 5c5a63f9-ef80-497f-a887-7a9c2ff6ef25 | ERROR | main.py | 78 | PDF extraction failed: Command '['java', '-Dfile.encoding=UTF8', '-jar', 'C:\\Users\\hp333\\PycharmProjects\\PythonProject3\\.venv\\Lib\\site-packages\\tabula\\tabula-1.0.5-jar-with-dependencies.jar', '--pages', 'all', '--lattice', '--guess', '--format', 'JSON', 'C:\\Users\\hp333\\PycharmProjects\\PythonProject3\\test_pdfs\\protected.pdf']' returned non-zero exit status 1.
Traceback (most recent call last):
  File "C:\Users\hp333\PycharmProjects\PythonProject3\main.py", line 67, in process_pdf
    data = extractor.extract_all()
  File "C:\Users\hp333\PycharmProjects\PythonProject3\pdf_operations.py", line 164, in extract_all
    tables = self.extract_tables(**kwargs)
  File "C:\Users\hp333\PycharmProjects\PythonProject3\pdf_operations.py", line 122, in extract_tables
    for frames in (self.extract_tables_lattice(*args, **kwargs),
                   ~~~~~~~~~~~~~~~~~~~~~~~~~~~^^^^^^^^^^^^^^^^^
  File "C:\Users\hp333\PycharmProjects\PythonProject3\pdf_operations.py", line 96, in extract_tables_lattice
    return self._read_tables(*args, **kwargs)
           ~~~~~~~~~~~~~~~~~^^^^^^^^^^^^^^^^^
  File "C:\Users\hp333\PycharmProjects\PythonProject3\pdf_operations.py", line 139, in _read_tables
    frames = tabula.read_pdf(str(self.pdf_path), *args, **options)
  File "C:\Users\hp333\PycharmProjects\PythonProject3\.venv\Lib\site-packages\tabula\io.py", line 400, in read_pdf
    output = _run(
        tabula_options,
    ...<3 lines>...
        force_subprocess=force_subprocess,
    )
  File "C:\Users\hp333\PycharmProjects\PythonProject3\.venv\Lib\site-packages\tabula\io.py", line 86, in _run
    return _tabula_vm.call_tabula_java(options, path)
           ~~~~~~~~~~~~~~~~~~~~~~~~~~~^^^^^^^^^^^^^^^
  File "C:\Users\hp333\PycharmProjects\PythonProject3\.venv\Lib\site-packages\tabula\backend.py", line 122, in call_tabula_java
    result = subprocess.run(
        args,
    ...<3 lines>...
        check=True,
    )
  File "C:\Users\hp333\AppData\Local\Programs\Python\Python313\Lib\subprocess.py", line 577, in run
    raise CalledProcessError(retcode, process.args,
                             output=stdout, stderr=stderr)
subprocess.CalledProcessError: Command '['java', '-Dfile.encoding=UTF8', '-jar', 'C:\\Users\\hp333\\PycharmProjects\\PythonProject3\\.venv\\Lib\\site-packages\\tabula\\tabula-1.0.5-jar-with-dependencies.jar', '--pages', 'all', '--lattice', '--guess', '--format', 'JSON', 'C:\\Users\\hp333\\PycharmProjects\\PythonProject3\\test_pdfs\\protected.pdf']' returned non-zero exit status 1.
2026-09-07 09:31:52.801 | 7b6690af-edb3-4c1a-b663-88088bc25b4e | ERROR | main.py | 78 | PDF extraction failed: Command '['java', '-Dfile.encoding=UTF8', '-jar', 'C:\\Users\\hp333\\PycharmProjects\\PythonProject3\\.venv\\Lib\\site-packages\\tabula\\tabula-1.0.5-jar-with-dependencies.jar', '--pages', 'all', '--lattice', '--guess', '--format', 'JSON', 'C:\\Users\\hp333\\PycharmProjects\\PythonProject3\\test_pdfs\\protected_with_table.pdf']' returned non-zero exit status 1.
Traceback (most recent call last):
  File "C:\Users\hp333\PycharmProjects\PythonProject3\main.py", line 67, in process_pdf
    data = extractor.extract_all()
  File "C:\Users\hp333\PycharmProjects\PythonProject3\pdf_operations.py", line 164, in extract_all
    tables = self.extract_tables(**kwargs)
  File "C:\Users\hp333\PycharmProjects\PythonProject3\pdf_operations.py", line 122, in extract_tables
    for frames in (self.extract_tables_lattice(*args, **kwargs),
                   ~~~~~~~~~~~~~~~~~~~~~~~~~~~^^^^^^^^^^^^^^^^^
  File "C:\Users\hp333\PycharmProjects\PythonProject3\pdf_operations.py", line 96, in extract_tables_lattice
    return self._read_tables(*args, **kwargs)
           ~~~~~~~~~~~~~~~~~^^^^^^^^^^^^^^^^^
  File "C:\Users\hp333\PycharmProjects\PythonProject3\pdf_operations.py", line 139, in _read_tables
    frames = tabula.read_pdf(str(self.pdf_path), *args, **options)
  File "C:\Users\hp333\PycharmProjects\PythonProject3\.venv\Lib\site-packages\tabula\io.py", line 400, in read_pdf
    output = _run(
        tabula_options,
    ...<3 lines>...
        force_subprocess=force_subprocess,
    )
  File "C:\Users\hp333\PycharmProjects\PythonProject3\.venv\Lib\site-packages\tabula\io.py", line 86, in _run
    return _tabula_vm.call_tabula_java(options, path)
           ~~~~~~~~~~~~~~~~~~~~~~~~~~~^^^^^^^^^^^^^^^
  File "C:\Users\hp333\PycharmProjects\PythonProject3\.venv\Lib\site-packages\tabula\backend.py", line 122, in call_tabula_java
    result = subprocess.run(
        args,
    ...<3 lines>...
        check=True,
    )
  File "C:\Users\hp333\AppData\Local\Programs\Python\Python313\Lib\subprocess.py", line 577, in run
    raise CalledProcessError(retcode, process.args,
                             output=stdout, stderr=stderr)
subprocess.CalledProcessError: Command '['java', '-Dfile.encoding=UTF8', '-jar', 'C:\\Users\\hp333\\PycharmProjects\\PythonProject3\\.venv\\Lib\\site-packages\\tabula\\tabula-1.0.5-jar-with-dependencies.jar', '--pages', 'all', '--lattice', '--guess', '--format', 'JSON', 'C:\\Users\\hp333\\PycharmProjects\\PythonProject3\\test_pdfs\\protected_with_table.pdf']' returned non-zero exit status 1.
2026-09-07 09:31:54.840 | be595525-477a-4f1f-af67-6fdcbd9f2a13 | ERROR | main.py | 55 | PDF file not found: C:\Users\hp333\PycharmProjects\PythonProject3\test_pdfs\does_not_exist.pdf
2026-09-07 09:31:56.871 | 513798e6-eece-4bef-a7bd-a9abb02eafc4 | ERROR | main.py | 55 | PDF file not found: C:\Users\hp333\PycharmProjects\PythonProject3\test_pdfs\corrupted.pdf
2026-09-07 09:33:04.242 | 4fc34d5d-576c-4b37-a53d-adc52f86bce8 | ERROR | main.py | 75 | PDF authentication failed: PDF authentication failed: C:\Users\hp333\PycharmProjects\PythonProject3\test_pdfs\protected.pdf
Traceback (most recent call last):
  File "C:\Users\hp333\PycharmProjects\PythonProject3\main.py", line 66, in process_pdf
    with PDFExtractor(pdf_path, logger=logger, **extract_kwargs) as extractor:
         ~~~~~~~~~~~~^^^^^^^^^^^^^^^^^^^^^^^^^^^^^^^^^^^^^^^^^^^
  File "C:\Users\hp333\PycharmProjects\PythonProject3\pdf_operations.py", line 44, in __init__
    raise PermissionError(f"PDF authentication failed: {self.pdf_path}")
PermissionError: PDF authentication failed: C:\Users\hp333\PycharmProjects\PythonProject3\test_pdfs\protected.pdf
2026-09-07 09:33:17.722 | 738a3695-1359-458b-af7b-2ed7eb9856d8 | ERROR | main.py | 55 | PDF file not found: C:\Users\hp333\PycharmProjects\PythonProject3\test_pdfs\does_not_exist.pdf
2026-09-07 09:33:19.783 | ff1ab564-0422-4a69-9392-6fae2a06cefe | ERROR | main.py | 72 | Invalid PDF: Invalid or corrupted PDF: C:\Users\hp333\PycharmProjects\PythonProject3\test_pdfs\corrupted.pdf
Traceback (most recent call last):
  File "C:\Users\hp333\PycharmProjects\PythonProject3\.venv\Lib\site-packages\pymupdf\__init__.py", line 3013, in __init__
    doc = mupdf.fz_open_document_with_stream_and_dir(suffix, fz_stream, archive.this)
  File "C:\Users\hp333\PycharmProjects\PythonProject3\.venv\Lib\site-packages\pymupdf\mupdf.py", line 53426, in fz_open_document_with_stream_and_dir
    return _mupdf.fz_open_document_with_stream_and_dir(magic, stream, dir)
           ~~~~~~~~~~~~~~~~~~~~~~~~~~~~~~~~~~~~~~~~~~~^^^^^^^^^^^^^^^^^^^^
pymupdf.mupdf.FzErrorFormat: code=7: no objects found

The above exception was the direct cause of the following exception:

Traceback (most recent call last):
  File "C:\Users\hp333\PycharmProjects\PythonProject3\pdf_operations.py", line 37, in __init__
    self.doc = pymupdf.open(self.pdf_path)
               ~~~~~~~~~~~~^^^^^^^^^^^^^^^
  File "C:\Users\hp333\PycharmProjects\PythonProject3\.venv\Lib\site-packages\pymupdf\__init__.py", line 3016, in __init__
    raise FileDataError(f'Failed to open file {filename!r} as type {suffix}.') from e
pymupdf.FileDataError: Failed to open file 'C:\\Users\\hp333\\PycharmProjects\\PythonProject3\\test_pdfs\\corrupted.pdf' as type pdf.

The above exception was the direct cause of the following exception:

Traceback (most recent call last):
  File "C:\Users\hp333\PycharmProjects\PythonProject3\main.py", line 66, in process_pdf
    with PDFExtractor(pdf_path, logger=logger, **extract_kwargs) as extractor:
         ~~~~~~~~~~~~^^^^^^^^^^^^^^^^^^^^^^^^^^^^^^^^^^^^^^^^^^^
  File "C:\Users\hp333\PycharmProjects\PythonProject3\pdf_operations.py", line 39, in __init__
    raise ValueError(f"Invalid or corrupted PDF: {self.pdf_path}") from exc
ValueError: Invalid or corrupted PDF: C:\Users\hp333\PycharmProjects\PythonProject3\test_pdfs\corrupted.pdf
